../Core/Src/main.c:43:7:test_function	16	static
../Core/Src/main.c:47:6:DWT_Init	4	static
../Core/Src/main.c:53:10:measure_function_time	16	static
../Core/Src/main.c:59:6:GPIO_init	4	static
../Core/Src/main.c:71:9:read_button	4	static
../Core/Src/main.c:75:6:SysTick_Init	4	static
../Core/Src/main.c:84:6:led_on	4	static
../Core/Src/main.c:88:6:led_off	4	static
../Core/Src/main.c:91:6:jump_to_bootloader	24	static,ignoring_inline_asm
../Core/Src/main.c:103:6:recurse	8	static
../Core/Src/main.c:107:6:UART1_Init	4	static
../Core/Src/main.c:127:6:UART1_SendChar	16	static
../Core/Src/main.c:132:6:UART1_ReceiveChar	4	static
../Core/Src/main.c:137:6:uart_send_string	16	static
../Core/Src/main.c:142:6:itoa	40	static
../Core/Src/main.c:174:7:atof	48	static
../Core/Src/main.c:200:6:ftoa	48	static
../Core/Src/main.c:247:5:main	56	static
../Core/Src/main.c:337:6:SystemClock_Config	72	static
../Core/Src/main.c:377:13:MX_GPIO_Init	16	static
../Core/Src/main.c:399:6:Error_Handler	4	static,ignoring_inline_asm
