../Drivers/CMSIS/Include/core_cm3.h:1762:34:__NVIC_SystemReset	4	static,ignoring_inline_asm
../Core/Src/stm32f1xx_it.c:71:6:NMI_Handler	4	static
../Core/Src/stm32f1xx_it.c:87:6:HardFault_Handler	8	static
../Core/Src/stm32f1xx_it.c:102:6:MemManage_Handler	4	static
../Core/Src/stm32f1xx_it.c:118:6:BusFault_Handler	4	static
../Core/Src/stm32f1xx_it.c:134:6:UsageFault_Handler	4	static
../Core/Src/stm32f1xx_it.c:150:6:SVC_Handler	4	static
../Core/Src/stm32f1xx_it.c:164:6:DebugMon_Handler	4	static
../Core/Src/stm32f1xx_it.c:178:6:PendSV_Handler	4	static
../Core/Src/stm32f1xx_it.c:192:6:SysTick_Handler	8	static
