../Drivers/CMSIS/Include/core_cm3.h:1762:34:__NVIC_SystemReset	4	static,ignoring_inline_asm
../Core/Src/stm32f1xx_it.c:71:6:NMI_Handler	8	static
../Core/Src/stm32f1xx_it.c:88:6:HardFault_Handler	8	static
../Core/Src/stm32f1xx_it.c:103:6:MemManage_Handler	8	static
../Core/Src/stm32f1xx_it.c:120:6:BusFault_Handler	8	static
../Core/Src/stm32f1xx_it.c:137:6:UsageFault_Handler	8	static
../Core/Src/stm32f1xx_it.c:154:6:SVC_Handler	8	static
../Core/Src/stm32f1xx_it.c:169:6:DebugMon_Handler	8	static
../Core/Src/stm32f1xx_it.c:184:6:PendSV_Handler	8	static
../Core/Src/stm32f1xx_it.c:199:6:SysTick_Handler	8	static
